[     272ms] [INFO] %cDownload the React DevTools for a better development experience: https://react.dev/link/react-devtools font-weight:bold @ http://localhost:3001/_next/static/chunks/node_modules_next_dist_115brz8._.js:2477
[     300ms] [LOG] [HMR] connected @ http://localhost:3001/_next/static/chunks/node_modules_next_dist_115brz8._.js:2477
[20918545ms] [LOG] [Fast Refresh] rebuilding @ http://localhost:3001/_next/static/chunks/node_modules_next_dist_115brz8._.js:2477
[20921511ms] [LOG] [Fast Refresh] done in 3069ms @ http://localhost:3001/_next/static/chunks/node_modules_next_dist_115brz8._.js:2477
[20921674ms] [LOG] [Fast Refresh] rebuilding @ http://localhost:3001/_next/static/chunks/node_modules_next_dist_115brz8._.js:2477
[20922586ms] [LOG] [Fast Refresh] done in 1015ms @ http://localhost:3001/_next/static/chunks/node_modules_next_dist_115brz8._.js:2477
[20926960ms] [LOG] [Fast Refresh] rebuilding @ http://localhost:3001/_next/static/chunks/node_modules_next_dist_115brz8._.js:2477
[20927026ms] [LOG] [Fast Refresh] done in 168ms @ http://localhost:3001/_next/static/chunks/node_modules_next_dist_115brz8._.js:2477
[20944226ms] [LOG] [Fast Refresh] rebuilding @ http://localhost:3001/_next/static/chunks/node_modules_next_dist_115brz8._.js:2477
[20944443ms] [LOG] [Fast Refresh] done in 319ms @ http://localhost:3001/_next/static/chunks/node_modules_next_dist_115brz8._.js:2477
[20968980ms] [LOG] [Fast Refresh] rebuilding @ http://localhost:3001/_next/static/chunks/node_modules_next_dist_115brz8._.js:2477
[20969227ms] [LOG] [Fast Refresh] done in 349ms @ http://localhost:3001/_next/static/chunks/node_modules_next_dist_115brz8._.js:2477
[20970289ms] [LOG] [Fast Refresh] rebuilding @ http://localhost:3001/_next/static/chunks/node_modules_next_dist_115brz8._.js:2477
[20970522ms] [LOG] [Fast Refresh] done in 334ms @ http://localhost:3001/_next/static/chunks/node_modules_next_dist_115brz8._.js:2477
[20970673ms] [LOG] [Fast Refresh] rebuilding @ http://localhost:3001/_next/static/chunks/node_modules_next_dist_115brz8._.js:2477
[20971243ms] [LOG] [Fast Refresh] done in 671ms @ http://localhost:3001/_next/static/chunks/node_modules_next_dist_115brz8._.js:2477
[20974295ms] [LOG] [Fast Refresh] rebuilding @ http://localhost:3001/_next/static/chunks/node_modules_next_dist_115brz8._.js:2477
[20974391ms] [LOG] [Fast Refresh] done in 199ms @ http://localhost:3001/_next/static/chunks/node_modules_next_dist_115brz8._.js:2477
[20975464ms] [LOG] [Fast Refresh] rebuilding @ http://localhost:3001/_next/static/chunks/node_modules_next_dist_115brz8._.js:2477
[20975839ms] [LOG] [Fast Refresh] done in 477ms @ http://localhost:3001/_next/static/chunks/node_modules_next_dist_115brz8._.js:2477
[20975977ms] [LOG] [Fast Refresh] rebuilding @ http://localhost:3001/_next/static/chunks/node_modules_next_dist_115brz8._.js:2477
[20976369ms] [LOG] [Fast Refresh] done in 493ms @ http://localhost:3001/_next/static/chunks/node_modules_next_dist_115brz8._.js:2477
[20976608ms] [LOG] [Fast Refresh] rebuilding @ http://localhost:3001/_next/static/chunks/node_modules_next_dist_115brz8._.js:2477
[20976907ms] [LOG] [Fast Refresh] done in 400ms @ http://localhost:3001/_next/static/chunks/node_modules_next_dist_115brz8._.js:2477
[20978229ms] [LOG] [Fast Refresh] rebuilding @ http://localhost:3001/_next/static/chunks/node_modules_next_dist_115brz8._.js:2477
[20981738ms] [LOG] [Fast Refresh] done in 3610ms @ http://localhost:3001/_next/static/chunks/node_modules_next_dist_115brz8._.js:2477
[20982241ms] [LOG] [Fast Refresh] rebuilding @ http://localhost:3001/_next/static/chunks/node_modules_next_dist_115brz8._.js:2477
[20982334ms] [LOG] [Fast Refresh] done in 195ms @ http://localhost:3001/_next/static/chunks/node_modules_next_dist_115brz8._.js:2477
[20986675ms] [LOG] [Fast Refresh] rebuilding @ http://localhost:3001/_next/static/chunks/node_modules_next_dist_115brz8._.js:2477
[20986887ms] [LOG] [Fast Refresh] done in 314ms @ http://localhost:3001/_next/static/chunks/node_modules_next_dist_115brz8._.js:2477
[21316743ms] [LOG] [Fast Refresh] rebuilding @ http://localhost:3001/_next/static/chunks/node_modules_next_dist_115brz8._.js:2477
[21317875ms] [LOG] [Fast Refresh] done in 1228ms @ http://localhost:3001/_next/static/chunks/node_modules_next_dist_115brz8._.js:2477
[23182048ms] [LOG] [Fast Refresh] rebuilding @ http://localhost:3001/_next/static/chunks/node_modules_next_dist_115brz8._.js:2477
[23182276ms] [LOG] [Fast Refresh] done in 330ms @ http://localhost:3001/_next/static/chunks/node_modules_next_dist_115brz8._.js:2477
[23192847ms] [LOG] [Fast Refresh] rebuilding @ http://localhost:3001/_next/static/chunks/node_modules_next_dist_115brz8._.js:2477
[23192920ms] [LOG] [Fast Refresh] done in 110ms @ http://localhost:3001/_next/static/chunks/node_modules_next_dist_115brz8._.js:2477
[23196551ms] [LOG] [Fast Refresh] rebuilding @ http://localhost:3001/_next/static/chunks/node_modules_next_dist_115brz8._.js:2477
[23196751ms] [LOG] [Fast Refresh] done in 299ms @ http://localhost:3001/_next/static/chunks/node_modules_next_dist_115brz8._.js:2477
[23196853ms] [LOG] [Fast Refresh] rebuilding @ http://localhost:3001/_next/static/chunks/node_modules_next_dist_115brz8._.js:2477
[23196953ms] [LOG] [Fast Refresh] done in 201ms @ http://localhost:3001/_next/static/chunks/node_modules_next_dist_115brz8._.js:2477
[23200770ms] [LOG] [Fast Refresh] rebuilding @ http://localhost:3001/_next/static/chunks/node_modules_next_dist_115brz8._.js:2477
[23200874ms] ReferenceError: CatalogSerial is not defined
    at HomePage (about://React/Server/file:///Users/medikonda/dev/projects/yc-intelligence/apps/web/.next/dev/server/chunks/ssr/%255Broot-of-the-server%255D__0375v.7._.js?id=%255Bproject%255D%252Fsrc%252Fapp%252Fpage.tsx+%255Bapp-rsc%255D+%2528ecmascript%2529?327:277:297)
    at resolveErrorDev (http://localhost:3001/_next/static/chunks/node_modules_next_dist_compiled_react-server-dom-turbopack_0p3wegg._.js:1919:105)
    at processFullStringRow (http://localhost:3001/_next/static/chunks/node_modules_next_dist_compiled_react-server-dom-turbopack_0p3wegg._.js:2434:29)
    at processFullBinaryRow (http://localhost:3001/_next/static/chunks/node_modules_next_dist_compiled_react-server-dom-turbopack_0p3wegg._.js:2393:9)
    at processBinaryChunk (http://localhost:3001/_next/static/chunks/node_modules_next_dist_compiled_react-server-dom-turbopack_0p3wegg._.js:2502:221)
    at progress (http://localhost:3001/_next/static/chunks/node_modules_next_dist_compiled_react-server-dom-turbopack_0p3wegg._.js:2689:13)
[23200822ms] [LOG] [Fast Refresh] done in 23ms @ http://localhost:3001/_next/static/chunks/node_modules_next_dist_115brz8._.js:2477
[23206331ms] [LOG] [Fast Refresh] rebuilding @ http://localhost:3001/_next/static/chunks/node_modules_next_dist_115brz8._.js:2477
[23206512ms] [LOG] [Fast Refresh] done in 23ms @ http://localhost:3001/_next/static/chunks/node_modules_next_dist_115brz8._.js:2477
[23206573ms] [ERROR] Failed to load resource: the server responded with a status of 500 (Internal Server Error) @ http://localhost:3001/:0
[23206607ms] [INFO] %cDownload the React DevTools for a better development experience: https://react.dev/link/react-devtools font-weight:bold @ http://localhost:3001/_next/static/chunks/node_modules_next_dist_115brz8._.js:2477
[23206622ms] [LOG] [HMR] connected @ http://localhost:3001/_next/static/chunks/node_modules_next_dist_115brz8._.js:2477
[23206711ms] ReferenceError: useState is not defined
    at CatalogSerial (about://React/Server/file:///Users/medikonda/dev/projects/yc-intelligence/apps/web/.next/dev/server/chunks/ssr/%255Broot-of-the-server%255D__0375v.7._.js?id=%255Bproject%255D%252Fsrc%252Fapp%252Fpage.tsx+%255Bapp-rsc%255D+%2528ecmascript%2529?0:22:37)
    at resolveErrorDev (http://localhost:3001/_next/static/chunks/node_modules_next_dist_compiled_react-server-dom-turbopack_0p3wegg._.js:1919:105)
    at processFullStringRow (http://localhost:3001/_next/static/chunks/node_modules_next_dist_compiled_react-server-dom-turbopack_0p3wegg._.js:2434:29)
    at processFullBinaryRow (http://localhost:3001/_next/static/chunks/node_modules_next_dist_compiled_react-server-dom-turbopack_0p3wegg._.js:2393:9)
    at processBinaryChunk (http://localhost:3001/_next/static/chunks/node_modules_next_dist_compiled_react-server-dom-turbopack_0p3wegg._.js:2502:221)
    at progress (http://localhost:3001/_next/static/chunks/node_modules_next_dist_compiled_react-server-dom-turbopack_0p3wegg._.js:2689:13)
[23210421ms] [LOG] [Fast Refresh] rebuilding @ http://localhost:3001/_next/static/chunks/node_modules_next_dist_115brz8._.js:2477
[23210505ms] [WARNING] [Fast Refresh] performing full reload because your application had an unrecoverable error @ http://localhost:3001/_next/static/chunks/node_modules_next_dist_115brz8._.js:2477
[23210507ms] [LOG] [Fast Refresh] done in 133ms @ http://localhost:3001/_next/static/chunks/node_modules_next_dist_115brz8._.js:2477
[23210649ms] [INFO] %cDownload the React DevTools for a better development experience: https://react.dev/link/react-devtools font-weight:bold @ http://localhost:3001/_next/static/chunks/node_modules_next_dist_115brz8._.js:2477
[23210669ms] [LOG] [HMR] connected @ http://localhost:3001/_next/static/chunks/node_modules_next_dist_115brz8._.js:2477
[23267128ms] [LOG] [Fast Refresh] rebuilding @ http://localhost:3001/_next/static/chunks/node_modules_next_dist_115brz8._.js:2477
[23267160ms] [LOG] [Fast Refresh] done in 134ms @ http://localhost:3001/_next/static/chunks/node_modules_next_dist_115brz8._.js:2477
[24115899ms] [LOG] [Fast Refresh] rebuilding @ http://localhost:3001/_next/static/chunks/node_modules_next_dist_115brz8._.js:2477
[24116103ms] [LOG] [Fast Refresh] done in 307ms @ http://localhost:3001/_next/static/chunks/node_modules_next_dist_115brz8._.js:2477
[24116321ms] [LOG] [Fast Refresh] rebuilding @ http://localhost:3001/_next/static/chunks/node_modules_next_dist_115brz8._.js:2477
[24116336ms] [LOG] [Fast Refresh] done in 117ms @ http://localhost:3001/_next/static/chunks/node_modules_next_dist_115brz8._.js:2477
[24531411ms] [LOG] [Fast Refresh] rebuilding @ http://localhost:3001/_next/static/chunks/node_modules_next_dist_115brz8._.js:2477
[24531564ms] [LOG] [Fast Refresh] done in 198ms @ http://localhost:3001/_next/static/chunks/node_modules_next_dist_115brz8._.js:2477
[24537790ms] [LOG] [Fast Refresh] rebuilding @ http://localhost:3001/_next/static/chunks/node_modules_next_dist_115brz8._.js:2477
[24537950ms] [LOG] [Fast Refresh] done in 261ms @ http://localhost:3001/_next/static/chunks/node_modules_next_dist_115brz8._.js:2477
[24546698ms] [LOG] [Fast Refresh] rebuilding @ http://localhost:3001/_next/static/chunks/node_modules_next_dist_115brz8._.js:2477
[24546775ms] [LOG] [Fast Refresh] done in 45ms @ http://localhost:3001/_next/static/chunks/node_modules_next_dist_115brz8._.js:2477
[24550558ms] [LOG] [Fast Refresh] rebuilding @ http://localhost:3001/_next/static/chunks/node_modules_next_dist_115brz8._.js:2477
[24550609ms] [LOG] [Fast Refresh] done in 26ms @ http://localhost:3001/_next/static/chunks/node_modules_next_dist_115brz8._.js:2477
[24553934ms] [LOG] [Fast Refresh] rebuilding @ http://localhost:3001/_next/static/chunks/node_modules_next_dist_115brz8._.js:2477
[24553981ms] [LOG] [Fast Refresh] done in 31ms @ http://localhost:3001/_next/static/chunks/node_modules_next_dist_115brz8._.js:2477
[24556936ms] [LOG] [Fast Refresh] rebuilding @ http://localhost:3001/_next/static/chunks/node_modules_next_dist_115brz8._.js:2477
[24556996ms] [LOG] [Fast Refresh] done in 23ms @ http://localhost:3001/_next/static/chunks/node_modules_next_dist_115brz8._.js:2477
[24559392ms] [LOG] [Fast Refresh] rebuilding @ http://localhost:3001/_next/static/chunks/node_modules_next_dist_115brz8._.js:2477
[24559441ms] [LOG] [Fast Refresh] done in 24ms @ http://localhost:3001/_next/static/chunks/node_modules_next_dist_115brz8._.js:2477
[24562186ms] [LOG] [Fast Refresh] rebuilding @ http://localhost:3001/_next/static/chunks/node_modules_next_dist_115brz8._.js:2477
[24562234ms] [LOG] [Fast Refresh] done in 29ms @ http://localhost:3001/_next/static/chunks/node_modules_next_dist_115brz8._.js:2477
[24568378ms] [LOG] [Fast Refresh] rebuilding @ http://localhost:3001/_next/static/chunks/node_modules_next_dist_115brz8._.js:2477
[24568424ms] [LOG] [Fast Refresh] done in 36ms @ http://localhost:3001/_next/static/chunks/node_modules_next_dist_115brz8._.js:2477
[24572848ms] [LOG] [Fast Refresh] rebuilding @ http://localhost:3001/_next/static/chunks/node_modules_next_dist_115brz8._.js:2477
[24572910ms] [LOG] [Fast Refresh] done in 97ms @ http://localhost:3001/_next/static/chunks/node_modules_next_dist_115brz8._.js:2477
[24575311ms] [LOG] [Fast Refresh] rebuilding @ http://localhost:3001/_next/static/chunks/node_modules_next_dist_115brz8._.js:2477
[24575379ms] [LOG] [Fast Refresh] done in 32ms @ http://localhost:3001/_next/static/chunks/node_modules_next_dist_115brz8._.js:2477
[24578305ms] [LOG] [Fast Refresh] rebuilding @ http://localhost:3001/_next/static/chunks/node_modules_next_dist_115brz8._.js:2477
[24578353ms] [LOG] [Fast Refresh] done in 27ms @ http://localhost:3001/_next/static/chunks/node_modules_next_dist_115brz8._.js:2477
[24581432ms] [LOG] [Fast Refresh] rebuilding @ http://localhost:3001/_next/static/chunks/node_modules_next_dist_115brz8._.js:2477
[24581490ms] [LOG] [Fast Refresh] done in 24ms @ http://localhost:3001/_next/static/chunks/node_modules_next_dist_115brz8._.js:2477
[24602242ms] [LOG] [Fast Refresh] rebuilding @ http://localhost:3001/_next/static/chunks/node_modules_next_dist_115brz8._.js:2477
[24602303ms] [LOG] [Fast Refresh] done in 54ms @ http://localhost:3001/_next/static/chunks/node_modules_next_dist_115brz8._.js:2477
[24646201ms] [LOG] [Fast Refresh] rebuilding @ http://localhost:3001/_next/static/chunks/node_modules_next_dist_115brz8._.js:2477
[24646257ms] [LOG] [Fast Refresh] done in 59ms @ http://localhost:3001/_next/static/chunks/node_modules_next_dist_115brz8._.js:2477
[24658696ms] [LOG] [Fast Refresh] rebuilding @ http://localhost:3001/_next/static/chunks/node_modules_next_dist_115brz8._.js:2477
[24658732ms] [LOG] [Fast Refresh] done in 82ms @ http://localhost:3001/_next/static/chunks/node_modules_next_dist_115brz8._.js:2477
[24690931ms] [LOG] [Fast Refresh] rebuilding @ http://localhost:3001/_next/static/chunks/node_modules_next_dist_115brz8._.js:2477
[24690996ms] [LOG] [Fast Refresh] done in 97ms @ http://localhost:3001/_next/static/chunks/node_modules_next_dist_115brz8._.js:2477
[24739192ms] [LOG] [Fast Refresh] rebuilding @ http://localhost:3001/_next/static/chunks/node_modules_next_dist_115brz8._.js:2477
[24739289ms] [LOG] [Fast Refresh] done in 151ms @ http://localhost:3001/_next/static/chunks/node_modules_next_dist_115brz8._.js:2477
